[@sentry/nextjs] DEPRECATION WARNING: disableLogger is deprecated and will be removed in a future version. Use webpack.treeshake.removeDebugLogging instead.
[@sentry/nextjs] DEPRECATION WARNING: automaticVercelMonitors is deprecated and will be removed in a future version. Use webpack.automaticVercelMonitors instead.
[@sentry/nextjs] DEPRECATION WARNING: reactComponentAnnotation is deprecated and will be removed in a future version. Use webpack.reactComponentAnnotation instead.
PASS components/cms/__tests__/NewsEditor.test.tsx
  NewsEditor
    √ should render mapped news posts without crashing (65 ms)
    √ should show empty state when no posts are returned (11 ms)

Test Suites: 1 passed, 1 total
Tests:       2 passed, 2 total
Snapshots:   0 total
Time:        2.116 s
Ran all test suites matching components/cms/__tests__/NewsEditor.test.tsx.
