app/dashboard/page.tsx(133,19): error TS2322: Type 'Section | null' is not assignable to type 'PortfolioSection | null'.
  Type 'Section' is not assignable to type 'PortfolioSection | null'.
    Type 'Section' is missing the following properties from type 'PortfolioSection': imgUrl, orderRank
app/lib/services/aboutService.ts(15,22): error TS2339: Property 'id' does not exist on type 'never'.
app/lib/services/aboutService.ts(16,31): error TS2339: Property 'description' does not exist on type 'never'.
app/lib/services/aboutService.ts(17,31): error TS2339: Property 'portrait_url' does not exist on type 'never'.
app/lib/services/aboutService.ts(28,68): error TS2769: No overload matches this call.
  Overload 1 of 2, '(values: never, options?: { onConflict?: string | undefined; ignoreDuplicates?: boolean | undefined; count?: "exact" | "planned" | "estimated" | undefined; } | undefined): PostgrestFilterBuilder<{ ...; }, ... 5 more ..., "POST">', gave the following error.
    Argument of type '{ id?: number | undefined; created_at?: string | undefined; description?: string | null | undefined; portrait_url?: string | null | undefined; }' is not assignable to parameter of type 'never'.
  Overload 2 of 2, '(values: never[], options?: { onConflict?: string | undefined; ignoreDuplicates?: boolean | undefined; count?: "exact" | "planned" | "estimated" | undefined; defaultToNull?: boolean | undefined; } | undefined): PostgrestFilterBuilder<...>', gave the following error.
    Argument of type '{ id?: number | undefined; created_at?: string | undefined; description?: string | null | undefined; portrait_url?: string | null | undefined; }' is not assignable to parameter of type 'never[]'.
      Type '{ id?: number | undefined; created_at?: string | undefined; description?: string | null | undefined; portrait_url?: string | null | undefined; }' is missing the following properties from type 'never[]': length, pop, push, concat, and 35 more.
app/lib/services/newsService.ts(53,68): error TS2769: No overload matches this call.
  Overload 1 of 2, '(values: never, options?: { onConflict?: string | undefined; ignoreDuplicates?: boolean | undefined; count?: "exact" | "planned" | "estimated" | undefined; } | undefined): PostgrestFilterBuilder<{ ...; }, ... 5 more ..., "POST">', gave the following error.
    Argument of type '{ id?: string | undefined; created_at?: string | undefined; title: string; content?: string | null | undefined; image_url?: string | null | undefined; is_published?: boolean | null | undefined; ... 4 more ...; updated_at?: string | ... 1 more ... | undefined; }' is not assignable to parameter of type 'never'.
  Overload 2 of 2, '(values: never[], options?: { onConflict?: string | undefined; ignoreDuplicates?: boolean | undefined; count?: "exact" | "planned" | "estimated" | undefined; defaultToNull?: boolean | undefined; } | undefined): PostgrestFilterBuilder<...>', gave the following error.
    Argument of type '{ id?: string | undefined; created_at?: string | undefined; title: string; content?: string | null | undefined; image_url?: string | null | undefined; is_published?: boolean | null | undefined; ... 4 more ...; updated_at?: string | ... 1 more ... | undefined; }' is not assignable to parameter of type 'never[]'.
      Type '{ id?: string | undefined; created_at?: string | undefined; title: string; content?: string | null | undefined; image_url?: string | null | undefined; is_published?: boolean | null | undefined; ... 4 more ...; updated_at?: string | ... 1 more ... | undefined; }' is missing the following properties from type 'never[]': length, pop, push, concat, and 35 more.
app/lib/services/portfolioService.ts(52,21): error TS2769: No overload matches this call.
  Overload 1 of 2, '(values: never, options?: { onConflict?: string | undefined; ignoreDuplicates?: boolean | undefined; count?: "exact" | "planned" | "estimated" | undefined; } | undefined): PostgrestFilterBuilder<{ ...; }, ... 5 more ..., "POST">', gave the following error.
    Argument of type '{ id?: string | undefined; created_at?: string | undefined; img_url?: string | null | undefined; description?: string | null | undefined; title?: string | null | undefined; order_rank: number; }' is not assignable to parameter of type 'never'.
  Overload 2 of 2, '(values: never[], options?: { onConflict?: string | undefined; ignoreDuplicates?: boolean | undefined; count?: "exact" | "planned" | "estimated" | undefined; defaultToNull?: boolean | undefined; } | undefined): PostgrestFilterBuilder<...>', gave the following error.
    Argument of type '{ id?: string | undefined; created_at?: string | undefined; img_url?: string | null | undefined; description?: string | null | undefined; title?: string | null | undefined; order_rank: number; }' is not assignable to parameter of type 'never[]'.
      Type '{ id?: string | undefined; created_at?: string | undefined; img_url?: string | null | undefined; description?: string | null | undefined; title?: string | null | undefined; order_rank: number; }' is missing the following properties from type 'never[]': length, pop, push, concat, and 35 more.
app/lib/services/portfolioService.ts(59,39): error TS2339: Property 'id' does not exist on type 'never'.
app/lib/services/portfolioService.ts(71,67): error TS2769: No overload matches this call.
  Overload 1 of 2, '(values: never, options?: { onConflict?: string | undefined; ignoreDuplicates?: boolean | undefined; count?: "exact" | "planned" | "estimated" | undefined; } | undefined): PostgrestFilterBuilder<{ ...; }, ... 5 more ..., "POST">', gave the following error.
    Argument of type '{ section_id: string; stock_qty?: number | undefined; price?: number | null | undefined; stripe_link?: string | null | undefined; is_sale_active?: boolean | undefined; }' is not assignable to parameter of type 'never'.
  Overload 2 of 2, '(values: never[], options?: { onConflict?: string | undefined; ignoreDuplicates?: boolean | undefined; count?: "exact" | "planned" | "estimated" | undefined; defaultToNull?: boolean | undefined; } | undefined): PostgrestFilterBuilder<...>', gave the following error.
    Argument of type '{ section_id: string; stock_qty?: number | undefined; price?: number | null | undefined; stripe_link?: string | null | undefined; is_sale_active?: boolean | undefined; }' is not assignable to parameter of type 'never[]'.
      Type '{ section_id: string; stock_qty?: number | undefined; price?: number | null | undefined; stripe_link?: string | null | undefined; is_sale_active?: boolean | undefined; }' is missing the following properties from type 'never[]': length, pop, push, concat, and 35 more.
app/lib/services/portfolioService.ts(93,21): error TS2769: No overload matches this call.
  Overload 1 of 2, '(values: never, options?: { onConflict?: string | undefined; ignoreDuplicates?: boolean | undefined; count?: "exact" | "planned" | "estimated" | undefined; } | undefined): PostgrestFilterBuilder<{ ...; }, ... 5 more ..., "POST">', gave the following error.
    Argument of type '{ id?: string | undefined; created_at?: string | undefined; section_id: string; title?: string | null | undefined; description?: string | null | undefined; image_url?: string | null | undefined; ... 4 more ...; order_rank?: number | ... 1 more ... | undefined; }' is not assignable to parameter of type 'never'.
  Overload 2 of 2, '(values: never[], options?: { onConflict?: string | undefined; ignoreDuplicates?: boolean | undefined; count?: "exact" | "planned" | "estimated" | undefined; defaultToNull?: boolean | undefined; } | undefined): PostgrestFilterBuilder<...>', gave the following error.
    Argument of type '{ id?: string | undefined; created_at?: string | undefined; section_id: string; title?: string | null | undefined; description?: string | null | undefined; image_url?: string | null | undefined; ... 4 more ...; order_rank?: number | ... 1 more ... | undefined; }' is not assignable to parameter of type 'never[]'.
      Type '{ id?: string | undefined; created_at?: string | undefined; section_id: string; title?: string | null | undefined; description?: string | null | undefined; image_url?: string | null | undefined; ... 4 more ...; order_rank?: number | ... 1 more ... | undefined; }' is missing the following properties from type 'never[]': length, pop, push, concat, and 35 more.
components/cms/SectionList.tsx(37,59): error TS2339: Property 'bg_color' does not exist on type 'Section'.
